<?xml version="1.0" encoding="UTF-8"?>
<module type="JAVA_MODULE" version="4">
  <component name="FacetManager">
    <facet type="android" name="Android">
      <configuration>
        <option name="GEN_FOLDER_RELATIVE_PATH_APT" value="/../../../../buck-out/android/java/default/dep1/android_res/gen" />
        <option name="GEN_FOLDER_RELATIVE_PATH_AIDL" value="/../../../../buck-out/android/java/default/dep1/android_res/gen" />
        <option name="MANIFEST_FILE_RELATIVE_PATH" value="/../../../../android_res/AndroidManifest.xml" />
        <option name="RES_FOLDERS_RELATIVE_PATH" value="/../../../../buck-out/gen/java/default/dep1/android_res/android_res#resources-symlink-tree/res" />
        <option name="LIBRARY_PROJECT" value="true" />
        <option name="UPDATE_PROPERTY_FILES" value="false" />
        <option name="ENABLE_SOURCES_AUTOGENERATION" value="true" />
        <includeAssetsFromLibraries>true</includeAssetsFromLibraries>
      </configuration>
    </facet>
  </component>
  <component name="NewModuleRootManager" inherit-compiler-output="true">
    <exclude-output />
    <content url="file://$MODULE_DIR$/../../../../buck-out/android/java/default/dep1/android_res/gen">
      <sourceFolder url="file://$MODULE_DIR$/../../../../buck-out/android/java/default/dep1/android_res/gen" isTestSource="false" />
    </content>
    <content url="file://$MODULE_DIR$">
      <sourceFolder url="file://$MODULE_DIR$/../../../../buck-out/gen/java/default/dep1/android_res/android_res#resources-symlink-tree/res" isTestSource="false" packagePrefix="com.test" type="java-resource" />
      <excludeFolder url="file://$MODULE_DIR$/res" isTestSource="false" />
    </content>
    <orderEntry type="inheritedJdk" />
    <orderEntry type="sourceFolder" forTests="false" />
  </component>
</module>