<?xml version="1.0" encoding="UTF-8"?>
<project version="4">
  <component name="ProjectModuleManager">
    <modules>
      <module fileurl="file://$PROJECT_DIR$/java/default/dep1/android_res/java_default_dep1_android_res.iml" filepath="$PROJECT_DIR$/java/default/dep1/android_res/java_default_dep1_android_res.iml" group="modules" />
      <module fileurl="file://$PROJECT_DIR$/java/java.iml" filepath="$PROJECT_DIR$/java/java.iml" group="modules" />
      <module fileurl="file://$PROJECT_DIR$/project_root.iml" filepath="$PROJECT_DIR$/project_root.iml" />
    </modules>
  </component>
</project>
