<?xml version="1.0" encoding="UTF-8"?>
<module type="PLUGIN_MODULE" version="4">
  <component name="DevKit.ModuleBuildProperties" url="file://$MODULE_DIR$/resources/META-INF/plugin.xml" />
  <component name="NewModuleRootManager" inherit-compiler-output="true">
    <exclude-output />
    <content url="file://$MODULE_DIR$">
      <excludeFolder url="file://$MODULE_DIR$/resources" isTestSource="false" />
    </content>
    <orderEntry type="jdk" jdkName="IDEA SDK" jdkType="IDEA JDK" />
    <orderEntry type="sourceFolder" forTests="false" />
    <orderEntry type="library" name="library_lib_openapi" scope="COMPILE" level="project" />
  </component>
</module>