<component name="libraryTable">
  <library name="library_modules_tip_library1">
    <CLASSES>
      <root url="jar://$PROJECT_DIR$/modules/tip/library1.jar!/" />
    </CLASSES>
    <JAVADOC>
      <root url="http://company.com/library1/" />
    </JAVADOC>
    <SOURCES>
      <root url="jar://$PROJECT_DIR$/modules/tip/librarysrc1.jar!/" />
    </SOURCES>
  </library>
</component>