library --release --platform ios --root @
optimize --platform ios
transform --filename js/apple.js
var apple;
optimize --platform ios
transform --filename js/banana.js
var banana;
optimize --platform ios
transform --filename js/pear.js
var pear;
