<?xml version="1.0" encoding="UTF-8"?>
<module type="JAVA_MODULE" version="4">
  <component name="FacetManager">
    <facet type="android" name="Android">
      <configuration>
        <option name="GEN_FOLDER_RELATIVE_PATH_APT" value="/../../buck-out/android/modules/dep1/gen" />
        <option name="GEN_FOLDER_RELATIVE_PATH_AIDL" value="/../../buck-out/android/modules/dep1/gen" />
        <option name="MANIFEST_FILE_RELATIVE_PATH" value="/../../android_res/AndroidManifest.xml" />
        <option name="RES_FOLDERS_RELATIVE_PATH" value="/res" />
        <option name="LIBRARY_PROJECT" value="true" />
        <option name="UPDATE_PROPERTY_FILES" value="false" />
        <option name="ENABLE_SOURCES_AUTOGENERATION" value="false" />
        <includeAssetsFromLibraries>true</includeAssetsFromLibraries>
      </configuration>
    </facet>
  </component>
  <component name="NewModuleRootManager" inherit-compiler-output="true">
    <exclude-output />
    <content url="file://$MODULE_DIR$/../../buck-out/android/modules/dep1/gen">
      <sourceFolder url="file://$MODULE_DIR$/../../buck-out/android/modules/dep1/gen" isTestSource="false" />
    </content>
    <content url="file://$MODULE_DIR$">
      <sourceFolder url="file://$MODULE_DIR$/res" isTestSource="false" packagePrefix="com.test" type="java-resource" />
      <excludeFolder url="file://$MODULE_DIR$/res/values-en" isTestSource="false" />
    </content>
    <orderEntry type="inheritedJdk" />
    <orderEntry type="sourceFolder" forTests="false" />
  </component>
</module>