<?xml version="1.0" encoding="UTF-8"?>
<module type="JAVA_MODULE" version="4">
  <component name="FacetManager">
    <facet type="android" name="Android">
      <configuration>
        <option name="GEN_FOLDER_RELATIVE_PATH_APT" value="/../../../buck-out/android/java/code/modules/gen" />
        <option name="GEN_FOLDER_RELATIVE_PATH_AIDL" value="/../../../buck-out/android/java/code/modules/gen" />
        <option name="MANIFEST_FILE_RELATIVE_PATH" value="/../../../android_res/AndroidManifest.xml" />
        <option name="RES_FOLDERS_RELATIVE_PATH" value="" />
        <option name="LIBRARY_PROJECT" value="true" />
        <option name="UPDATE_PROPERTY_FILES" value="false" />
        <option name="ENABLE_SOURCES_AUTOGENERATION" value="true" />
        <includeAssetsFromLibraries>true</includeAssetsFromLibraries>
      </configuration>
    </facet>
  </component>
  <component name="NewModuleRootManager" inherit-compiler-output="true">
    <exclude-output />
    <content url="file://$MODULE_DIR$/../../../buck-out/android/java/code/modules/gen">
      <sourceFolder url="file://$MODULE_DIR$/../../../buck-out/android/java/code/modules/gen" isTestSource="false" />
    </content>
    <content url="file://$MODULE_DIR$">
      <sourceFolder url="file://$MODULE_DIR$/dep1/src" isTestSource="false" />
      <sourceFolder url="file://$MODULE_DIR$/tip/src" isTestSource="false" />
    </content>
    <orderEntry type="jdk" jdkName="Android SDK" jdkType="Android SDK" />
    <orderEntry type="sourceFolder" forTests="false" />
  </component>
</module>