<?xml version="1.0" encoding="UTF-8"?>
<module type="JAVA_MODULE" version="4">
  <component name="NewModuleRootManager" inherit-compiler-output="true">
    <exclude-output />
    <content url="file://$MODULE_DIR$/../../buck-out/gen/modules/tip/tip__guava__">
      <sourceFolder url="file://$MODULE_DIR$/../../buck-out/gen/modules/tip/tip__guava__" isTestSource="false" generated="true" />
    </content>
    <content url="file://$MODULE_DIR$">
      <sourceFolder url="file://$MODULE_DIR$" isTestSource="false" packagePrefix="modules.tip" />
    </content>
    <orderEntry type="inheritedJdk" />
    <orderEntry type="sourceFolder" forTests="false" />
    <orderEntry type="library" name="library_libs_guava" scope="COMPILE" level="project" />
  </component>
</module>