library --release --platform android --root @
optimize --platform android
transform --filename js/apple.js
var apple;
optimize --platform android
transform --filename js/banana.js
var banana;
optimize --platform android
transform --filename js/pear.js
var pear;
